// Jest Snapshot v1, https://goo.gl/fbAQLP

exports[`LoginForm.spec.js has the expected html structure 1`] = `
<div
  class="login-form-container"
>
  <h1>
    Sign In
  </h1>
   
  <form
    class="login-inputs"
  >
    <input
      id="login-form-input"
      placeholder="Login"
      tabindex="1"
      type="text"
    />
     
    <input
      id="login-form-password-input"
      placeholder="Password"
      tabindex="2"
      type="password"
    />
     
    <button
      tabindex="3"
      type="submit"
    >
      
      Sign In
    
    </button>
  </form>
   
  <!---->
   
  <div
    class="remember-me"
  >
    <input
      id="remember-me"
      name="remember-me"
      type="checkbox"
    />
     
    <p>
      Remember me
    </p>
  </div>
   
  <div
    class="register"
  >
    
    New to Nietflix? 
    <b>
      Sign up now!
    </b>
  </div>
   
  <!---->
</div>
`;
